﻿[dotenv@17.3.1] injecting env (3) from .env -- tip: ΓÜÖ∩╕Å  load multiple .env files with { path: ['.env.local', '.env'] }
Attempting to connect to MongoDB...
URI: mongodb+srv:****@cluster0.1xhsioj.mongodb.net/farmer_market?retryWrites=true&w=majority
node : Γ¥î Connection Failed!
At line:1 char:1
+ node test-db-connection.js > 
test_output.txt 2>&1
+ ~~~~~~~~~~~~~~~~~~~~~~~~~~~~~~~~
~~~~~~~~~~~~~~~~~
    + CategoryInfo          : Not 
   Specified: (Γ¥î Connection Fa  
  iled!:String) [], RemoteExcep   
 tion
    + FullyQualifiedErrorId : Nat 
   iveCommandError
 
Error Name: 
MongooseServerSelectionError
Error Message: Could not connect 
to any servers in your MongoDB 
Atlas cluster. One common reason 
is that you're trying to access 
the database from an IP that 
isn't whitelisted. Make sure your 
current IP address is on your 
Atlas cluster's IP whitelist: http
s://www.mongodb.com/docs/atlas/sec
urity-whitelist/
Error Reason: {
  "type": "ReplicaSetNoPrimary",
  "servers": {
    "ac-u0qkvip-shard-00-00.1xhsio
j.mongodb.net:27017": {
      "address": "ac-u0qkvip-shard
-00-00.1xhsioj.mongodb.net:27017",
      "type": "Unknown",
      "hosts": [],
      "passives": [],
      "arbiters": [],
      "tags": {},
      "minWireVersion": 0,
      "maxWireVersion": 0,
      "roundTripTime": -1,
      "minRoundTripTime": 0,
      "lastUpdateTime": 70724328,
      "lastWriteDate": 0,
      "error": null,
      "topologyVersion": null,
      "setName": null,
      "setVersion": null,
      "electionId": null,
      
"logicalSessionTimeoutMinutes": 
null,
      "maxMessageSizeBytes": null,
      "maxWriteBatchSize": null,
      "maxBsonObjectSize": null,
      "primary": null,
      "me": null,
      "$clusterTime": null,
      "iscryptd": false
    },
    "ac-u0qkvip-shard-00-02.1xhsio
j.mongodb.net:27017": {
      "address": "ac-u0qkvip-shard
-00-02.1xhsioj.mongodb.net:27017",
      "type": "Unknown",
      "hosts": [],
      "passives": [],
      "arbiters": [],
      "tags": {},
      "minWireVersion": 0,
      "maxWireVersion": 0,
      "roundTripTime": -1,
      "minRoundTripTime": 0,
      "lastUpdateTime": 70724328,
      "lastWriteDate": 0,
      "error": null,
      "topologyVersion": null,
      "setName": null,
      "setVersion": null,
      "electionId": null,
      
"logicalSessionTimeoutMinutes": 
null,
      "maxMessageSizeBytes": null,
      "maxWriteBatchSize": null,
      "maxBsonObjectSize": null,
      "primary": null,
      "me": null,
      "$clusterTime": null,
      "iscryptd": false
    },
    "ac-u0qkvip-shard-00-01.1xhsio
j.mongodb.net:27017": {
      "address": "ac-u0qkvip-shard
-00-01.1xhsioj.mongodb.net:27017",
      "type": "Unknown",
      "hosts": [],
      "passives": [],
      "arbiters": [],
      "tags": {},
      "minWireVersion": 0,
      "maxWireVersion": 0,
      "roundTripTime": -1,
      "minRoundTripTime": 0,
      "lastUpdateTime": 70724328,
      "lastWriteDate": 0,
      "error": null,
      "topologyVersion": null,
      "setName": null,
      "setVersion": null,
      "electionId": null,
      
"logicalSessionTimeoutMinutes": 
null,
      "maxMessageSizeBytes": null,
      "maxWriteBatchSize": null,
      "maxBsonObjectSize": null,
      "primary": null,
      "me": null,
      "$clusterTime": null,
      "iscryptd": false
    }
  },
  "stale": false,
  "compatible": true,
  "heartbeatFrequencyMS": 10000,
  "localThresholdMS": 15,
  "setName": 
"atlas-epz2pj-shard-0",
  "maxElectionId": null,
  "maxSetVersion": null,
  "commonWireVersion": 0,
  "logicalSessionTimeoutMinutes": 
null
}
